../Core/Src/main.c:100:5:main	32	static
../Core/Src/main.c:326:6:SystemClock_Config	128	static
../Core/Src/main.c:382:13:SystemPower_Config	8	static
../Core/Src/main.c:401:13:MX_I2C1_Init	8	static
../Core/Src/main.c:449:13:MX_I2C2_Init	8	static
../Core/Src/main.c:497:13:MX_I2C3_Init	8	static
../Core/Src/main.c:545:13:MX_ICACHE_Init	8	static
../Core/Src/main.c:577:13:MX_RTC_Init	64	static
../Core/Src/main.c:666:13:MX_SPI1_Init	24	static
../Core/Src/main.c:723:13:MX_USART3_UART_Init	8	static
../Core/Src/main.c:771:13:MX_GPIO_Init	48	static
../Core/Src/main.c:845:6:display_sample_struct	32	static
../Core/Src/main.c:854:6:store_data	96	static
../Core/Src/main.c:953:6:BSP_PB_Callback	16	static
../Core/Src/main.c:965:6:Error_Handler	4	static,ignoring_inline_asm
